2026-10-05T02:30:32.380758Z DEBUG vp: argv0: $HOME/.vite-plus/bin/vp
2026-10-05T02:30:32.381243Z DEBUG vp::js_executor: Resolving project runtime from "/private/tmp/vp-2849-global-gvhlg28z/repo"
2026-10-05T02:30:32.381420Z DEBUG vp_js_runtime::runtime: package.json not found at AbsolutePathBuf("/private/tmp/vp-2849-global-gvhlg28z/repo/package.json")
2026-10-05T02:30:32.381427Z DEBUG vp_js_runtime::runtime: Selected version source: Some(NodeVersionFile), version_req: "24.21.0"
2026-10-05T02:30:32.381431Z DEBUG vp_js_runtime::runtime: Using exact version: 24.21.0
2026-10-05T02:30:32.381433Z  INFO vp_js_runtime::runtime: Resolved Node.js version: 24.21.0
2026-10-05T02:30:32.381450Z DEBUG vp_js_runtime::runtime: node 24.21.0 already cached at AbsolutePathBuf("$HOME/.vite-plus/js_runtime/node/24.21.0")
2026-10-05T02:30:32.381538Z DEBUG resolve{path="/private/tmp/vp-2849-global-gvhlg28z/repo" specifier="vite-plus/package.json"}: oxc_resolver: options=ResolveOptions { cwd: None, tsconfig: None, alias: [], alias_fields: [], condition_names: ["import", "node"], enforce_extension: Disabled, exports_fields: [["exports"]], imports_fields: [["imports"]], extension_alias: [], extensions: [".js", ".json", ".node"], fallback: [], fully_specified: false, main_fields: ["main"], main_files: ["index"], modules: ["node_modules"], resolve_to_context: false, prefer_relative: false, prefer_absolute: false, restrictions: [], roots: [], symlinks: true, node_path: true, builtin_modules: false, module_type: false, allow_package_exports_in_directory_resolve: false, yarn_pnp: false } path="/private/tmp/vp-2849-global-gvhlg28z/repo" specifier="vite-plus/package.json" err=NotFound("vite-plus/package.json")
2026-10-05T02:30:32.381590Z DEBUG vp::js_executor: Delegating to CLI via JS entry point: AbsolutePathBuf("$HOME/.vite-plus/1.0.0/node_modules/vite-plus/dist/bin.js") ["config", "--no-agent"]
2026-10-05T02:30:32.381595Z DEBUG vp::js_executor: Set VP_CLI_BIN to AbsolutePathBuf("$HOME/.vite-plus/bin/vp")
2026-10-05T02:30:32.421016Z DEBUG napi: documentationUrl
2026-10-05T02:30:32.421047Z DEBUG napi: documentationUrl
2026-10-05T02:30:32.421053Z DEBUG napi: documentationUrl
2026-10-05T02:30:32.421068Z DEBUG napi: documentationUrl
2026-10-05T02:30:32.421079Z DEBUG napi: documentationUrl
2026-10-05T02:30:32.421084Z DEBUG napi: documentationUrl
2026-10-05T02:30:32.421087Z DEBUG napi: documentationUrl
2026-10-05T02:30:32.421096Z DEBUG napi: documentationUrl
2026-10-05T02:30:32.421101Z DEBUG napi: documentationUrl
2026-10-05T02:30:32.421106Z DEBUG napi: documentationUrl
2026-10-05T02:30:32.421108Z DEBUG napi: documentationUrl
2026-10-05T02:30:32.421178Z DEBUG napi: ensureBlockingStdio
2026-10-05T02:30:32.434938Z DEBUG napi: parseConfigArgs
